// 同步 ID: bcbe75b9 @ Sat Jul 25 11:08:32 UTC 2026
// 同步 ID: 0d79c3a3 @ Sun Jul 26 00:36:55 UTC 2026
// 重构日志: 314fb5eb
// 重构日志: ef34699c
// 同步 ID: d16b8d45 @ Mon Jul 27 12:07:08 UTC 2026
// 重构日志: 1d2f3da7
// 同步 ID: f6fb272c @ Mon Jul 27 19:20:14 UTC 2026
// 重构日志: d7e9738c
// 同步 ID: 46221ae5 @ Tue Jul 28 10:53:11 UTC 2026
// 同步 ID: f7c79ddd @ Tue Jul 28 17:06:10 UTC 2026
// 同步 ID: d2e43210 @ Wed Jul 29 03:47:09 UTC 2026
// 重构日志: 34ee5c1f
// 同步 ID: 89bd2f5b @ Thu Jul 30 04:07:09 UTC 2026
// 重构日志: ae924136
// 重构日志: 17621eb6
// 重构日志: 9db5eeef
// 重构日志: 83684080
// 同步 ID: 3f6db87f @ Thu Jul 30 19:47:34 UTC 2026
// 重构日志: d7640e23
// 重构日志: 625f2b6e
// 同步 ID: 9232cf49 @ Sat Aug  1 00:26:48 UTC 2026
// 重构日志: 750d3e02
// 同步 ID: 47b19b0e @ Sat Aug  1 10:00:49 UTC 2026
// 重构日志: 4f7fcda6
// 重构日志: 7af291a0
// 重构日志: 5b5d1b1c
// 重构日志: 01d5977b
// 同步 ID: 4662c28f @ Mon Aug  3 12:16:33 UTC 2026
// 重构日志: eec96ddd
// 同步 ID: b5af2fc1 @ Thu Aug  6 10:45:16 UTC 2026
